// Jest Snapshot v1, https://goo.gl/fbAQLP

exports[`The Detail renders correctly 1`] = `null`;
