// Jest Snapshot v1, https://goo.gl/fbAQLP

exports[`The Home renders correctly 1`] = `null`;
