// Jest Snapshot v1, https://goo.gl/fbAQLP

exports[`The Carousel renders correctly 1`] = `
<main
  className="MuiGrid-root makeStyles-root-1 MuiGrid-container"
>
  <div
    className="MuiGrid-root MuiGrid-item MuiGrid-grid-xs-3 MuiGrid-grid-sm-3 MuiGrid-grid-md-3"
  >
        
  </div>
  <div
    className="MuiPaper-root MuiPaper-elevation6 MuiGrid-root MuiGrid-item MuiGrid-grid-xs-6 MuiGrid-grid-sm-6 MuiGrid-grid-md-6"
  >
    <div
      className="makeStyles-paper-2"
    >
      <div
        className="MuiAvatar-root MuiAvatar-circle makeStyles-avatar-3 MuiAvatar-colorDefault"
      >
        <svg
          aria-hidden="true"
          className="MuiSvgIcon-root"
          focusable="false"
          role="presentation"
          viewBox="0 0 24 24"
        >
          <g
            fill="none"
          >
            <path
              d="M0 0h24v24H0V0z"
            />
            <path
              d="M0 0h24v24H0V0z"
              opacity=".87"
            />
          </g>
          <path
            d="M18 8h-1V6c0-2.76-2.24-5-5-5S7 3.24 7 6v2H6c-1.1 0-2 .9-2 2v10c0 1.1.9 2 2 2h12c1.1 0 2-.9 2-2V10c0-1.1-.9-2-2-2zM9 6c0-1.66 1.34-3 3-3s3 1.34 3 3v2H9V6zm9 14H6V10h12v10zm-6-3c1.1 0 2-.9 2-2s-.9-2-2-2-2 .9-2 2 .9 2 2 2z"
          />
        </svg>
      </div>
      <h1
        className="MuiTypography-root MuiTypography-h5"
      >
        Sign in
      </h1>
      <form
        className="makeStyles-form-4"
        noValidate={true}
      >
        <div
          className="MuiFormControl-root MuiTextField-root MuiFormControl-marginNormal MuiFormControl-fullWidth"
        >
          <label
            className="MuiFormLabel-root MuiInputLabel-root MuiInputLabel-formControl MuiInputLabel-animated MuiInputLabel-outlined Mui-required Mui-required"
            data-shrink={false}
            htmlFor="email"
            id="email-label"
          >
            Email Address
            <span
              className="MuiFormLabel-asterisk MuiInputLabel-asterisk"
            >
               
              *
            </span>
          </label>
          <div
            className="MuiInputBase-root MuiOutlinedInput-root MuiInputBase-fullWidth MuiInputBase-formControl"
            onClick={[Function]}
          >
            <input
              aria-invalid={false}
              autoComplete="email"
              autoFocus={true}
              className="MuiInputBase-input MuiOutlinedInput-input"
              disabled={false}
              id="email"
              name="email"
              onAnimationStart={[Function]}
              onBlur={[Function]}
              onChange={[Function]}
              onFocus={[Function]}
              required={true}
              type="text"
              value=""
            />
            <fieldset
              aria-hidden={true}
              className="PrivateNotchedOutline-root-242 MuiOutlinedInput-notchedOutline"
              style={
                Object {
                  "paddingLeft": 8,
                }
              }
            >
              <legend
                className="PrivateNotchedOutline-legend-243"
                style={
                  Object {
                    "width": 0.01,
                  }
                }
              >
                <span
                  dangerouslySetInnerHTML={
                    Object {
                      "__html": "&#8203;",
                    }
                  }
                />
              </legend>
            </fieldset>
          </div>
        </div>
        <div
          className="MuiFormControl-root MuiTextField-root MuiFormControl-marginNormal MuiFormControl-fullWidth"
        >
          <label
            className="MuiFormLabel-root MuiInputLabel-root MuiInputLabel-formControl MuiInputLabel-animated MuiInputLabel-outlined Mui-required Mui-required"
            data-shrink={false}
            htmlFor="firstname"
            id="firstname-label"
          >
            First Name
            <span
              className="MuiFormLabel-asterisk MuiInputLabel-asterisk"
            >
               
              *
            </span>
          </label>
          <div
            className="MuiInputBase-root MuiOutlinedInput-root MuiInputBase-fullWidth MuiInputBase-formControl"
            onClick={[Function]}
          >
            <input
              aria-invalid={false}
              autoComplete="firstname"
              autoFocus={true}
              className="MuiInputBase-input MuiOutlinedInput-input"
              disabled={false}
              id="firstname"
              name="firstname"
              onAnimationStart={[Function]}
              onBlur={[Function]}
              onChange={[Function]}
              onFocus={[Function]}
              required={true}
              type="text"
              value=""
            />
            <fieldset
              aria-hidden={true}
              className="PrivateNotchedOutline-root-242 MuiOutlinedInput-notchedOutline"
              style={
                Object {
                  "paddingLeft": 8,
                }
              }
            >
              <legend
                className="PrivateNotchedOutline-legend-243"
                style={
                  Object {
                    "width": 0.01,
                  }
                }
              >
                <span
                  dangerouslySetInnerHTML={
                    Object {
                      "__html": "&#8203;",
                    }
                  }
                />
              </legend>
            </fieldset>
          </div>
        </div>
        <div
          className="MuiFormControl-root MuiTextField-root MuiFormControl-marginNormal MuiFormControl-fullWidth"
        >
          <label
            className="MuiFormLabel-root MuiInputLabel-root MuiInputLabel-formControl MuiInputLabel-animated MuiInputLabel-outlined Mui-required Mui-required"
            data-shrink={false}
            htmlFor="lastname"
            id="lastname-label"
          >
            LastName 
            <span
              className="MuiFormLabel-asterisk MuiInputLabel-asterisk"
            >
               
              *
            </span>
          </label>
          <div
            className="MuiInputBase-root MuiOutlinedInput-root MuiInputBase-fullWidth MuiInputBase-formControl"
            onClick={[Function]}
          >
            <input
              aria-invalid={false}
              autoComplete="lastname"
              autoFocus={true}
              className="MuiInputBase-input MuiOutlinedInput-input"
              disabled={false}
              id="lastname"
              name="lastname"
              onAnimationStart={[Function]}
              onBlur={[Function]}
              onChange={[Function]}
              onFocus={[Function]}
              required={true}
              type="text"
              value=""
            />
            <fieldset
              aria-hidden={true}
              className="PrivateNotchedOutline-root-242 MuiOutlinedInput-notchedOutline"
              style={
                Object {
                  "paddingLeft": 8,
                }
              }
            >
              <legend
                className="PrivateNotchedOutline-legend-243"
                style={
                  Object {
                    "width": 0.01,
                  }
                }
              >
                <span
                  dangerouslySetInnerHTML={
                    Object {
                      "__html": "&#8203;",
                    }
                  }
                />
              </legend>
            </fieldset>
          </div>
        </div>
        <div
          className="MuiFormControl-root MuiTextField-root MuiFormControl-marginNormal MuiFormControl-fullWidth"
        >
          <label
            className="MuiFormLabel-root MuiInputLabel-root MuiInputLabel-formControl MuiInputLabel-animated MuiInputLabel-outlined Mui-required Mui-required"
            data-shrink={false}
            htmlFor="password"
            id="password-label"
          >
            Password
            <span
              className="MuiFormLabel-asterisk MuiInputLabel-asterisk"
            >
               
              *
            </span>
          </label>
          <div
            className="MuiInputBase-root MuiOutlinedInput-root MuiInputBase-fullWidth MuiInputBase-formControl"
            onClick={[Function]}
          >
            <input
              aria-invalid={false}
              autoComplete="current-password"
              autoFocus={false}
              className="MuiInputBase-input MuiOutlinedInput-input"
              disabled={false}
              id="password"
              name="password"
              onAnimationStart={[Function]}
              onBlur={[Function]}
              onChange={[Function]}
              onFocus={[Function]}
              required={true}
              type="password"
              value=""
            />
            <fieldset
              aria-hidden={true}
              className="PrivateNotchedOutline-root-242 MuiOutlinedInput-notchedOutline"
              style={
                Object {
                  "paddingLeft": 8,
                }
              }
            >
              <legend
                className="PrivateNotchedOutline-legend-243"
                style={
                  Object {
                    "width": 0.01,
                  }
                }
              >
                <span
                  dangerouslySetInnerHTML={
                    Object {
                      "__html": "&#8203;",
                    }
                  }
                />
              </legend>
            </fieldset>
          </div>
        </div>
        <div
          className="MuiFormControl-root MuiTextField-root MuiFormControl-marginNormal MuiFormControl-fullWidth"
        >
          <label
            className="MuiFormLabel-root MuiInputLabel-root MuiInputLabel-formControl MuiInputLabel-animated MuiInputLabel-outlined Mui-required Mui-required"
            data-shrink={false}
            htmlFor="confirmpassword"
            id="confirmpassword-label"
          >
            Confirm Password
            <span
              className="MuiFormLabel-asterisk MuiInputLabel-asterisk"
            >
               
              *
            </span>
          </label>
          <div
            className="MuiInputBase-root MuiOutlinedInput-root MuiInputBase-fullWidth MuiInputBase-formControl"
            onClick={[Function]}
          >
            <input
              aria-invalid={false}
              autoFocus={false}
              className="MuiInputBase-input MuiOutlinedInput-input"
              disabled={false}
              id="confirmpassword"
              name="confirmpassword"
              onAnimationStart={[Function]}
              onBlur={[Function]}
              onChange={[Function]}
              onFocus={[Function]}
              required={true}
              type="password"
              value=""
            />
            <fieldset
              aria-hidden={true}
              className="PrivateNotchedOutline-root-242 MuiOutlinedInput-notchedOutline"
              style={
                Object {
                  "paddingLeft": 8,
                }
              }
            >
              <legend
                className="PrivateNotchedOutline-legend-243"
                style={
                  Object {
                    "width": 0.01,
                  }
                }
              >
                <span
                  dangerouslySetInnerHTML={
                    Object {
                      "__html": "&#8203;",
                    }
                  }
                />
              </legend>
            </fieldset>
          </div>
        </div>
        <button
          className="MuiButtonBase-root MuiButton-root MuiButton-contained makeStyles-submit-5 MuiButton-containedPrimary MuiButton-fullWidth"
          disabled={false}
          onBlur={[Function]}
          onClick={[Function]}
          onDragLeave={[Function]}
          onFocus={[Function]}
          onKeyDown={[Function]}
          onKeyUp={[Function]}
          onMouseDown={[Function]}
          onMouseLeave={[Function]}
          onMouseUp={[Function]}
          onTouchEnd={[Function]}
          onTouchMove={[Function]}
          onTouchStart={[Function]}
          tabIndex={0}
          type="button"
        >
          <span
            className="MuiButton-label"
          >
            Sign Up
          </span>
        </button>
        <div
          className="MuiBox-root MuiBox-root-277"
        >
          <p
            className="MuiTypography-root MuiTypography-body2 MuiTypography-colorTextSecondary MuiTypography-alignCenter"
          >
            Copyright © 
            <a
              className="MuiTypography-root MuiLink-root MuiLink-underlineHover MuiTypography-colorInherit"
              href="https://material-ui.com/"
              onBlur={[Function]}
              onFocus={[Function]}
            >
              Your Website
            </a>
             
            2020
            .
          </p>
        </div>
      </form>
    </div>
  </div>
</main>
`;
